// Jest Snapshot v1, https://goo.gl/fbAQLP

exports[`測試 style.css 快照 1`] = `
"@charset \\"UTF-8\\";
/*大於1200 大螢幕介面*/
/*980~1200 低解析小螢幕*/
/*iPad 橫放螢幕 寬1024 或是螢幕寬度1024 */
/* Pad 962px*/
/*iPad 橫放螢幕 寬768px */
/*480px 手機螢幕*/
/*360px 手機螢幕*/
@import './partials/global/_animate.css';
body {
  font-family: -apple-system, BlinkMacSystemFont, \\"Noto Sans TC\\", \\"Segoe UI\\", \\"Roboto\\", \\"Oxygen\\", \\"Ubuntu\\", \\"Cantarell\\", \\"Fira Sans\\", \\"Droid Sans\\", \\"Helvetica Neue\\", sans-serif;
  -webkit-font-smoothing: antialiased;
  -moz-osx-font-smoothing: grayscale;
}

code {
  font-family: source-code-pro, Menlo, Monaco, Consolas, \\"Courier New\\", monospace;
}

.title-box {
  color: #144480;
  font-size: 1.2em;
  text-align: left;
  display: flex;
  align-items: end;
  justify-content: end;
  margin: 10px 0px;
}

.title-text {
  margin-left: 8px;
  color: #144480;
}

.query-hint {
  color: #777;
  font-size: 0.8em;
  text-align: left;
  margin: 10px 10px;
}

.total-text {
  display: inline-block;
  margin-left: 10px;
  margin-top: 3px;
  font-size: 1.2em;
  color: black;
}

.number-text {
  display: inline-block;
  margin-left: 1px;
  margin-top: 3px;
  font-size: 0.7em;
  color: black;
}

.tag + .tag {
  margin-right: 10px;
}

.left-space {
  margin-left: 8px;
}

.right-space {
  margin-right: 8px;
}

.transform90deg {
  transform: rotate(90deg);
}

.field-value {
  color: #175fbf;
  font-size: 0.8em;
  font-family: \\"Noto Sans TC\\";
  font-weight: 700;
  line-height: 16px;
  margin-left: 0.4em;
  margin-right: 0.5em;
}

table {
  font-family: Arial, Helvetica, sans-serif;
  border-collapse: collapse;
  width: auto;
  margin: 0.8em;
  overflow: hidden;
}

table td, table th {
  border: 1px solid #ddd;
  padding: 0.2em;
}

table tr:nth-child(even) {
  background-color: #f2f2f2;
}

table tr:hover {
  background-color: #ddd;
}

table th {
  padding-top: 12px;
  padding-bottom: 12px;
  text-align: left;
  background-color: #5AC1F9;
  color: white;
}

table tr td:nth-child(1) {
  white-space: nowrap;
}

/*大於1200 大螢幕介面*/
/*980~1200 低解析小螢幕*/
/*iPad 橫放螢幕 寬1024 或是螢幕寬度1024 */
/* Pad 962px*/
/*iPad 橫放螢幕 寬768px */
/*480px 手機螢幕*/
/*360px 手機螢幕*/
/*1201以上大螢幕*/
@media screen and (min-width: 1201px) {
  body {
    font-size: 20px;
  }
  .page-content-box {
    padding: 3em;
    margin: 2em;
  }
  .container {
    width: 80%;
    margin: 3em auto;
  }
}
/*1200以下小螢幕*/
@media screen and (max-width: 1200px) {
  .page-content-box {
    padding: 3em;
    margin: 2em;
  }
  .container {
    width: 80%;
    margin: 3em auto;
  }
  .search-button-with-ripple {
    height: auto !important;
  }
  .chart-status {
    flex-direction: column;
  }
}
@media all and (max-width: 1024px) {
  body {
    font-size: 14px;
  }
  .info_img_block {
    display: none !important;
  }
  table {
    transform: scale(0.8);
    transform-origin: top left;
  }
}
@media all and (max-width: 962px) {
  table {
    transform: scale(0.7);
    transform-origin: top left;
  }
}
@media all and (max-width: 768px) {
  table {
    transform: scale(0.6);
    transform-origin: top left;
  }
}
@media all and (max-width: 480px) {
  body {
    font-size: 14px;
    /*14*/
  }
  .info, .shelter {
    flex-direction: column !important;
    align-items: center !important;
  }
  .info .shelter_img_block, .info .info_img_block, .shelter .shelter_img_block, .shelter .info_img_block {
    display: none !important;
  }
  .info .field-value, .shelter .field-value {
    display: block;
  }
  .info .info_pet_block, .info .shelter_data_block, .shelter .info_pet_block, .shelter .shelter_data_block {
    width: 100% !important;
  }
  .page-content-box {
    padding: 0.8em;
    margin: 0.8em;
  }
  .container {
    width: 90%;
    margin: 2em auto;
  }
  .MuiSvgIcon-root {
    height: 10px !important;
    width: 10px !important;
  }
  .alignBlock {
    height: 0.1em !important;
  }
}
@media all and (max-width: 360px) {
  body {
    font-size: 12px;
    /*12*/
  }
}
.nav {
  margin: 0 auto;
  left: 0;
  right: 0;
  height: 26px;
  display: flex;
  flex-direction: row;
  padding: 10px;
  margin: 1px;
  align-items: center;
  justify-content: center;
}

.store {
  right: 5px;
  height: 35px;
  box-sizing: border-box;
  border-radius: 7px;
  display: flex;
  flex-direction: row;
  align-items: center;
  justify-content: center;
  padding: 0.2em 1em;
}
.store img {
  padding-right: 0.3em;
}

.nav-link {
  margin: 0.3em;
  color: #144480;
  text-decoration: none;
  font-size: 1em;
  padding: 0.3em;
}

.nav-link.active {
  border-bottom: #144480 3px solid;
}

.nav-link:not(.active):hover {
  border-bottom: #144480 3px solid;
}

/*兄弟選擇器 ~ 當 .nav-link 不具有 .active 狀態且被 :hover 時，會取消其他同層級具有 .active 狀態兄弟選擇器 ~ 的 .nav-link 的元素*/
.nav-link:not(.active):hover ~ .nav-link.active {
  border-bottom: none;
}

/*let it to upper layer for clicking */
.home-link {
  position: relative;
  z-index: 3;
}
.home-link img {
  max-width: 214px;
}

.store-link {
  font-size: 0.8em;
  color: #494949;
  text-decoration: none;
  position: absolute;
  border-radius: 7px;
  height: 35px;
  box-sizing: border-box;
  display: flex;
  flex-direction: row;
  align-items: center;
  justify-content: center;
}

.brand-link {
  position: relative;
  left: 0;
  z-index: 5;
}

/* media */
@media screen and (min-width: 1201px) {
  .brand {
    width: 214px;
    height: 52px;
    left: 3px;
  }
  .brand .home-link img {
    width: 100%;
  }
  .brand,
  .store,
  .about-image {
    position: absolute;
  }
  .store {
    width: 8em;
  }
}
@media screen and (max-width: 1200px) {
  .brand {
    width: 214px;
    height: 52px;
    left: 3px;
  }
  .brand .home-link img {
    width: 100%;
  }
  .store {
    width: 8em;
  }
}
@media all and (max-width: 1024px) {
  .brand {
    top: 0;
    margin: 10px;
  }
  .brand .home-link img {
    width: 80%;
  }
  .brand,
  .store,
  .about-image {
    position: relative;
    top: 0;
    margin: 10px;
  }
}
@media all and (max-width: 480px) {
  .brand {
    width: 150px;
    height: 20px;
    left: 3px;
    margin: 8px;
  }
  .brand .home-link img {
    width: 100%;
  }
  .store {
    width: 7.5em;
  }
  .nav,
  .store,
  .about-image {
    margin: 8px;
  }
}
@media all and (max-width: 360px) {
  .store {
    width: 8.5em;
  }
}
.save-hint-box {
  color: #144480;
  background-color: #feffe0;
  border-radius: 0.5em;
  width: 75%;
  height: auto;
  box-sizing: border-box;
  padding: 1.12em 3em;
  margin-left: 2em;
  margin-top: 1.6em;
  display: flex;
  flex-direction: row;
  justify-content: center;
  align-items: center;
}

.hint-text {
  color: #144480;
  margin-left: 1.25em;
  width: 90%;
  height: auto;
  font-family: \\"Noto Sans TC\\";
  font-size: 1em;
  font-style: normal;
  font-weight: 500;
  line-height: normal;
}

.about-image {
  right: 16px;
  bottom: 16px;
}

.qa-container {
  max-width: 500px;
}

.qa-item {
  margin-left: 2em;
  margin-bottom: 20px;
}

.qa-question {
  color: #144480;
  cursor: pointer;
  font-size: 1em;
  border-left: #144480 4px solid;
  padding-left: 8px;
  margin-top: 32px;
  box-sizing: border-box;
}

.qa-answer {
  color: #777;
  font-size: 0.9em;
  margin-top: 10px;
  word-wrap: break-word;
  overflow-wrap: break-word;
}

.pet-link {
  text-decoration: none;
}

.animal-ID {
  font-size: 18px;
  font-family: \\"Noto Sans TC Black\\";
  font-weight: 900;
  margin-right: 8px;
  color: #175fbf;
}

.animal-Variety {
  font-size: 18px;
  font-family: \\"Noto Sans TC Black\\";
  font-weight: 900;
  /*超出範圍呈現省略符號 */
  width: 120px;
  display: inline-block;
  overflow: hidden;
  text-overflow: ellipsis;
  white-space: nowrap;
  color: #5AC1F9;
}

.tabs-content {
  border: 1px solid rgb(213, 216, 216);
  width: 90%;
  margin: 32px;
  border-radius: 8px;
}

.tabs {
  display: flex;
  background-color: #D0EFFF;
  border-radius: 8px 8px 0px 0px;
}

.tab {
  width: 120px;
  height: 36px;
  border-radius: 8px;
  background-color: #D0EFFF;
  text-align: center;
  font-size: 0.9em;
  line-height: 36px;
}

.tab.active {
  background-color: #0da1eb;
  color: white;
}

.tab:hover {
  background-color: #adb1b4;
  color: white;
}

.container-map {
  width: 100%;
  display: flex;
  align-items: center;
  justify-content: center;
}

.taiwan-map, .shop-list {
  width: 50%;
  height: 100%;
  display: flex;
  align-items: center;
  justify-content: center;
}

#map {
  display: flex;
  justify-content: center;
  align-items: center;
  width: 100%;
  height: 100%;
}

#map svg {
  max-height: 100vh;
}

#map path {
  fill: transparent;
  stroke: #175fbf;
  cursor: pointer;
  transition: fill 0.2s ease, stroke 0.2s ease, transform 0.2s ease;
}

#map path:hover, #map path.active {
  fill: rgba(255, 202, 40, 0.5);
  stroke: #FFCA28;
}

.shop-list {
  display: flex;
  justify-content: center;
  align-items: center;
  align-content: center;
  flex-wrap: wrap;
  height: 100%;
}

.shop-list h2, .shop-list h3 {
  width: 100%;
}

#map svg:nth-child(2) {
  display: none;
}/*# sourceMappingURL=style.css.map */"
`;
